src/pages/SavingsCalculator.tsx(264,125): error TS6133: 'netCost' is declared but its value is never read.
src/pages/SavingsCalculator.tsx(265,11): error TS6133: 'displayData' is declared but its value is never read.
